// Jest Snapshot v1, https://goo.gl/fbAQLP

exports[`should match snapshot 1`] = `
<DocumentFragment>
  <li
    class="Todo"
  >
    <span>
      Get the mail
    </span>
    <button
      class="Todo-delete"
    >
      X
    </button>
  </li>
</DocumentFragment>
`;
